// Jest Snapshot v1, https://goo.gl/fbAQLP

exports[`renders when there is card details 1`] = `
<div
  className="card"
>
  <p
    className="heading"
  />
  <p>
    testing
  </p>
  <a
    className="link"
  />
</div>
`;
