// Jest Snapshot v1, https://goo.gl/fbAQLP

exports[`renders when there is no recipe 1`] = `
<div
  className="mainContainer"
>
  <div
    className="searchBar"
  >
    <input
      onChange={[Function]}
      placeholder="Search by recipe name"
      string=""
      type="search"
    />
    <label
      className="search"
      htmlFor="search"
    >
      Search
    </label>
  </div>
  <div
    className="cards"
  />
</div>
`;
